// Vitest Snapshot v1, https://vitest.dev/guide/snapshot.html

exports[`simulateRetirement — 수령기 시뮬레이터 (v4 rtSim 이식, §9 충당 순서) > 전체 결과 스냅샷 (63~95세) 1`] = `
{
  "bal85": 20255,
  "poolEnd": 0,
  "poolOutAge": 86,
  "potEnd": 0,
  "rows": [
    {
      "age": 63,
      "hpm": 168,
      "poolDraw": 213.9,
      "priv": 118.1,
      "pub": 0,
      "tgt": 500,
    },
    {
      "age": 64,
      "hpm": 168,
      "poolDraw": 226.4,
      "priv": 118.1,
      "pub": 0,
      "tgt": 512.5,
    },
    {
      "age": 65,
      "hpm": 168,
      "poolDraw": 0,
      "priv": 118.1,
      "pub": 270,
      "tgt": 525.3,
    },
    {
      "age": 66,
      "hpm": 168,
      "poolDraw": 0,
      "priv": 118.1,
      "pub": 276.8,
      "tgt": 538.4,
    },
    {
      "age": 67,
      "hpm": 168,
      "poolDraw": 0,
      "priv": 118.1,
      "pub": 283.7,
      "tgt": 551.9,
    },
    {
      "age": 68,
      "hpm": 168,
      "poolDraw": 0,
      "priv": 118.1,
      "pub": 290.8,
      "tgt": 565.7,
    },
    {
      "age": 69,
      "hpm": 168,
      "poolDraw": 0,
      "priv": 118.1,
      "pub": 298,
      "tgt": 579.8,
    },
    {
      "age": 70,
      "hpm": 168,
      "poolDraw": 1.4,
      "priv": 119.5,
      "pub": 305.5,
      "tgt": 594.3,
    },
    {
      "age": 71,
      "hpm": 168,
      "poolDraw": 8.6,
      "priv": 119.5,
      "pub": 313.1,
      "tgt": 609.2,
    },
    {
      "age": 72,
      "hpm": 168,
      "poolDraw": 16,
      "priv": 119.5,
      "pub": 321,
      "tgt": 624.4,
    },
    {
      "age": 73,
      "hpm": 168,
      "poolDraw": 23.6,
      "priv": 119.5,
      "pub": 329,
      "tgt": 640,
    },
    {
      "age": 74,
      "hpm": 168,
      "poolDraw": 31.3,
      "priv": 119.5,
      "pub": 337.2,
      "tgt": 656,
    },
    {
      "age": 75,
      "hpm": 168,
      "poolDraw": 39.3,
      "priv": 119.5,
      "pub": 345.6,
      "tgt": 672.4,
    },
    {
      "age": 76,
      "hpm": 168,
      "poolDraw": 47.5,
      "priv": 119.5,
      "pub": 354.3,
      "tgt": 689.3,
    },
    {
      "age": 77,
      "hpm": 168,
      "poolDraw": 55.9,
      "priv": 119.5,
      "pub": 363.1,
      "tgt": 706.5,
    },
    {
      "age": 78,
      "hpm": 168,
      "poolDraw": 64.4,
      "priv": 119.5,
      "pub": 372.2,
      "tgt": 724.1,
    },
    {
      "age": 79,
      "hpm": 168,
      "poolDraw": 73.2,
      "priv": 119.5,
      "pub": 381.5,
      "tgt": 742.3,
    },
    {
      "age": 80,
      "hpm": 168,
      "poolDraw": 80.9,
      "priv": 120.9,
      "pub": 391.1,
      "tgt": 760.8,
    },
    {
      "age": 81,
      "hpm": 168,
      "poolDraw": 90.1,
      "priv": 120.9,
      "pub": 400.8,
      "tgt": 779.8,
    },
    {
      "age": 82,
      "hpm": 168,
      "poolDraw": 99.6,
      "priv": 120.9,
      "pub": 410.9,
      "tgt": 799.3,
    },
    {
      "age": 83,
      "hpm": 168,
      "poolDraw": 109.3,
      "priv": 120.9,
      "pub": 421.1,
      "tgt": 819.3,
    },
    {
      "age": 84,
      "hpm": 168,
      "poolDraw": 119.3,
      "priv": 120.9,
      "pub": 431.7,
      "tgt": 839.8,
    },
    {
      "age": 85,
      "hpm": 168,
      "poolDraw": 129.5,
      "priv": 120.9,
      "pub": 442.4,
      "tgt": 860.8,
    },
    {
      "age": 86,
      "hpm": 168,
      "poolDraw": 103.3,
      "priv": 157.5,
      "pub": 453.5,
      "tgt": 882.3,
    },
    {
      "age": 87,
      "hpm": 168,
      "poolDraw": 0,
      "priv": 271.5,
      "pub": 464.8,
      "tgt": 904.4,
    },
    {
      "age": 88,
      "hpm": 168,
      "poolDraw": 0,
      "priv": 282.5,
      "pub": 476.5,
      "tgt": 927,
    },
    {
      "age": 89,
      "hpm": 168,
      "poolDraw": 0,
      "priv": 293.8,
      "pub": 488.4,
      "tgt": 950.1,
    },
    {
      "age": 90,
      "hpm": 168,
      "poolDraw": 0,
      "priv": 305.3,
      "pub": 500.6,
      "tgt": 973.9,
    },
    {
      "age": 91,
      "hpm": 168,
      "poolDraw": 0,
      "priv": 317.1,
      "pub": 513.1,
      "tgt": 998.2,
    },
    {
      "age": 92,
      "hpm": 168,
      "poolDraw": 0,
      "priv": 5,
      "pub": 525.9,
      "tgt": 1023.2,
    },
    {
      "age": 93,
      "hpm": 168,
      "poolDraw": 0,
      "priv": 0,
      "pub": 539.1,
      "tgt": 1048.8,
    },
    {
      "age": 94,
      "hpm": 168,
      "poolDraw": 0,
      "priv": 0,
      "pub": 552.6,
      "tgt": 1075,
    },
    {
      "age": 95,
      "hpm": 168,
      "poolDraw": 0,
      "priv": 0,
      "pub": 566.4,
      "tgt": 1101.9,
    },
  ],
  "uncoveredAge": 92,
}
`;
